// Jest Snapshot v1, https://goo.gl/fbAQLP

exports[`renders the quote correctly 1`] = `
<div
  className="window"
>
  <h2>
    Let's do some math!
  </h2>
  <div
    className="container"
  >
    <div
      className="result"
    >
      0
    </div>
    <div
      className="keypad"
    >
      <button
        className="btn gray"
        onClick={[Function]}
        type="button"
        value="AC"
      >
        AC
      </button>
      <button
        className="btn gray"
        onClick={[Function]}
        type="button"
        value="+/-"
      >
        +/-
      </button>
      <button
        className="btn gray"
        onClick={[Function]}
        type="button"
        value="%"
      >
        %
      </button>
      <button
        className="btn orange"
        onClick={[Function]}
        type="button"
        value="รท"
      >
        รท
      </button>
      <button
        className="btn gray"
        onClick={[Function]}
        type="button"
        value="7"
      >
        7
      </button>
      <button
        className="btn gray"
        onClick={[Function]}
        type="button"
        value="8"
      >
        8
      </button>
      <button
        className="btn gray"
        onClick={[Function]}
        type="button"
        value="9"
      >
        9
      </button>
      <button
        className="btn orange"
        onClick={[Function]}
        type="button"
        value="x"
      >
        x
      </button>
      <button
        className="btn gray"
        onClick={[Function]}
        type="button"
        value="4"
      >
        4
      </button>
      <button
        className="btn gray"
        onClick={[Function]}
        type="button"
        value="5"
      >
        5
      </button>
      <button
        className="btn gray"
        onClick={[Function]}
        type="button"
        value="6"
      >
        6
      </button>
      <button
        className="btn orange"
        onClick={[Function]}
        type="button"
        value="-"
      >
        -
      </button>
      <button
        className="btn gray"
        onClick={[Function]}
        type="button"
        value="1"
      >
        1
      </button>
      <button
        className="btn gray"
        onClick={[Function]}
        type="button"
        value="2"
      >
        2
      </button>
      <button
        className="btn gray"
        onClick={[Function]}
        type="button"
        value="3"
      >
        3
      </button>
      <button
        className="btn orange"
        onClick={[Function]}
        type="button"
        value="+"
      >
        +
      </button>
      <button
        className="btn gray zero"
        onClick={[Function]}
        type="button"
        value="0"
      >
        0
      </button>
      <button
        className="btn gray"
        onClick={[Function]}
        type="button"
        value="."
      >
        .
      </button>
      <button
        className="btn orange"
        onClick={[Function]}
        type="button"
        value="="
      >
        =
      </button>
    </div>
  </div>
</div>
`;
