// Jest Snapshot v1, https://goo.gl/fbAQLP

exports[`Testin for all  renders correctly 1`] = `<operate />`;

exports[`renders correctly 1`] = `<operate />`;
